[10Oct2025 01:05:52.696] [main/INFO] [cpw.mods.modlauncher.Launcher/MODLAUNCHER]: ModLauncher running: args [--launchTarget, forgeclientuserdev, --version, 21.1.65, --assetIndex, 17, --assetsDir, C:\\Users\\Lenovo\\.mcreator\\gradle\\caches\\neoformruntime\\assets, --gameDir, ., --fml.neoForgeVersion, 21.1.65, --fml.fmlVersion, 4.0.24, --fml.mcVersion, 1.21.1, --fml.neoFormVersion, 20240808.144430]
[10Oct2025 01:05:52.716] [main/INFO] [cpw.mods.modlauncher.Launcher/MODLAUNCHER]: JVM identified as Eclipse Adoptium OpenJDK 64-Bit Server VM 21.0.4+7-LTS
[10Oct2025 01:05:52.719] [main/INFO] [cpw.mods.modlauncher.Launcher/MODLAUNCHER]: ModLauncher 11.0.4+main.d2e20e43 starting: java version 21.0.4 by Eclipse Adoptium; OS Windows 10 arch amd64 version 10.0
[10Oct2025 01:05:53.064] [main/INFO] [net.neoforged.fml.loading.ImmediateWindowHandler/]: Loading ImmediateWindowProvider fmlearlywindow
[10Oct2025 01:05:53.291] [main/INFO] [EARLYDISPLAY/]: Trying GL version 4.6
[10Oct2025 01:05:53.476] [main/INFO] [EARLYDISPLAY/]: Trying GL version 4.5
[10Oct2025 01:05:53.562] [main/INFO] [EARLYDISPLAY/]: Requested GL version 4.5 got version 4.5
[10Oct2025 01:05:53.823] [main/INFO] [mixin/]: SpongePowered MIXIN Subsystem Version=0.8.7 Source=union:/C:/Users/Lenovo/.mcreator/gradle/caches/modules-2/files-2.1/net.fabricmc/sponge-mixin/0.15.2+mixin.0.8.7/2af2f021d8e02a0220dc27a7a72b4666d66d44ca/sponge-mixin-0.15.2+mixin.0.8.7.jar%23131!/ Service=ModLauncher Env=CLIENT
[10Oct2025 01:05:54.512] [pool-2-thread-1/INFO] [EARLYDISPLAY/]: GL info: AMD Radeon HD 7400 Series GL version 4.5.13399 Core Profile Forward-Compatible Context 15.201.1151.1008, ATI Technologies Inc.
[10Oct2025 01:05:55.211] [main/INFO] [net.neoforged.fml.loading.moddiscovery.locators.JarInJarDependencyLocator/]: Found 2 dependencies adding them to mods collection
[10Oct2025 01:06:00.292] [main/INFO] [mixin/]: Compatibility level set to JAVA_17
[10Oct2025 01:06:00.330] [main/INFO] [cpw.mods.modlauncher.LaunchServiceHandler/MODLAUNCHER]: Launching target 'forgeclientuserdev' with arguments [--version, 21.1.65, --gameDir, ., --assetsDir, C:\Users\Lenovo\.mcreator\gradle\caches\neoformruntime\assets, --assetIndex, 17]
[10Oct2025 01:06:00.492] [main/WARN] [mixin/]: Reference map 'geckolib.refmap.json' for geckolib.mixins.json could not be read. If this is a development environment you can ignore this message
[10Oct2025 01:06:11.214] [main/WARN] [net.minecraft.SystemReport/]: Failed retrieving info for group graphics
java.lang.RuntimeException: Unexpected registry type 3, expected REG_SZ or REG_EXPAND_SZ
	at MC-BOOTSTRAP/com.sun.jna.platform@5.14.0/com.sun.jna.platform.win32.Advapi32Util.registryGetStringValue(Advapi32Util.java:774) ~[jna-platform-5.14.0.jar%23132!/:5.14.0 (b0)]
	at MC-BOOTSTRAP/com.sun.jna.platform@5.14.0/com.sun.jna.platform.win32.Advapi32Util.registryGetStringValue(Advapi32Util.java:744) ~[jna-platform-5.14.0.jar%23132!/:5.14.0 (b0)]
	at MC-BOOTSTRAP/com.sun.jna.platform@5.14.0/com.sun.jna.platform.win32.Advapi32Util.registryGetStringValue(Advapi32Util.java:718) ~[jna-platform-5.14.0.jar%23132!/:5.14.0 (b0)]
	at MC-BOOTSTRAP/com.github.oshi@6.4.10/oshi.hardware.platform.windows.WindowsGraphicsCard.getGraphicsCards(WindowsGraphicsCard.java:83) ~[oshi-core-6.4.10.jar%23101!/:6.4.10]
	at MC-BOOTSTRAP/com.github.oshi@6.4.10/oshi.hardware.platform.windows.WindowsHardwareAbstractionLayer.getGraphicsCards(WindowsHardwareAbstractionLayer.java:87) ~[oshi-core-6.4.10.jar%23101!/:6.4.10]
	at TRANSFORMER/minecraft@1.21.1/net.minecraft.SystemReport.lambda$putHardware$5(SystemReport.java:82) ~[neoforge-21.1.65-minecraft.jar%23183!/:?]
	at TRANSFORMER/minecraft@1.21.1/net.minecraft.SystemReport.ignoreErrors(SystemReport.java:89) ~[neoforge-21.1.65-minecraft.jar%23183!/:?]
	at TRANSFORMER/minecraft@1.21.1/net.minecraft.SystemReport.putHardware(SystemReport.java:82) ~[neoforge-21.1.65-minecraft.jar%23183!/:?]
	at TRANSFORMER/minecraft@1.21.1/net.minecraft.SystemReport.lambda$new$2(SystemReport.java:59) ~[neoforge-21.1.65-minecraft.jar%23183!/:?]
	at TRANSFORMER/minecraft@1.21.1/net.minecraft.SystemReport.ignoreErrors(SystemReport.java:89) ~[neoforge-21.1.65-minecraft.jar%23183!/:?]
	at TRANSFORMER/minecraft@1.21.1/net.minecraft.SystemReport.<init>(SystemReport.java:59) ~[neoforge-21.1.65-minecraft.jar%23183!/:?]
	at TRANSFORMER/minecraft@1.21.1/net.minecraft.CrashReport.<init>(CrashReport.java:32) ~[neoforge-21.1.65-minecraft.jar%23183!/:?]
	at TRANSFORMER/minecraft@1.21.1/net.minecraft.CrashReport.preload(CrashReport.java:206) ~[neoforge-21.1.65-minecraft.jar%23183!/:?]
	at TRANSFORMER/minecraft@1.21.1/net.minecraft.client.main.Main.main(Main.java:111) ~[neoforge-21.1.65-minecraft.jar%23183!/:?]
	at java.base/jdk.internal.reflect.DirectMethodHandleAccessor.invoke(DirectMethodHandleAccessor.java:103) ~[?:?]
	at java.base/java.lang.reflect.Method.invoke(Method.java:580) ~[?:?]
	at MC-BOOTSTRAP/fml_loader@4.0.24/net.neoforged.fml.loading.targets.CommonLaunchHandler.runTarget(CommonLaunchHandler.java:136) ~[loader-4.0.24.jar%23139!/:4.0]
	at MC-BOOTSTRAP/fml_loader@4.0.24/net.neoforged.fml.loading.targets.CommonLaunchHandler.clientService(CommonLaunchHandler.java:124) ~[loader-4.0.24.jar%23139!/:4.0]
	at MC-BOOTSTRAP/fml_loader@4.0.24/net.neoforged.fml.loading.targets.NeoForgeClientUserdevLaunchHandler.runService(NeoForgeClientUserdevLaunchHandler.java:23) ~[loader-4.0.24.jar%23139!/:4.0]
	at MC-BOOTSTRAP/fml_loader@4.0.24/net.neoforged.fml.loading.targets.CommonLaunchHandler.lambda$launchService$4(CommonLaunchHandler.java:118) ~[loader-4.0.24.jar%23139!/:4.0]
	at MC-BOOTSTRAP/cpw.mods.modlauncher@11.0.4/cpw.mods.modlauncher.LaunchServiceHandlerDecorator.launch(LaunchServiceHandlerDecorator.java:30) [modlauncher-11.0.4.jar%23121!/:?]
	at MC-BOOTSTRAP/cpw.mods.modlauncher@11.0.4/cpw.mods.modlauncher.LaunchServiceHandler.launch(LaunchServiceHandler.java:53) [modlauncher-11.0.4.jar%23121!/:?]
	at MC-BOOTSTRAP/cpw.mods.modlauncher@11.0.4/cpw.mods.modlauncher.LaunchServiceHandler.launch(LaunchServiceHandler.java:71) [modlauncher-11.0.4.jar%23121!/:?]
	at MC-BOOTSTRAP/cpw.mods.modlauncher@11.0.4/cpw.mods.modlauncher.Launcher.run(Launcher.java:103) [modlauncher-11.0.4.jar%23121!/:?]
	at MC-BOOTSTRAP/cpw.mods.modlauncher@11.0.4/cpw.mods.modlauncher.Launcher.main(Launcher.java:74) [modlauncher-11.0.4.jar%23121!/:?]
	at MC-BOOTSTRAP/cpw.mods.modlauncher@11.0.4/cpw.mods.modlauncher.BootstrapLaunchConsumer.accept(BootstrapLaunchConsumer.java:26) [modlauncher-11.0.4.jar%23121!/:?]
	at MC-BOOTSTRAP/cpw.mods.modlauncher@11.0.4/cpw.mods.modlauncher.BootstrapLaunchConsumer.accept(BootstrapLaunchConsumer.java:23) [modlauncher-11.0.4.jar%23121!/:?]
	at cpw.mods.bootstraplauncher@2.0.2/cpw.mods.bootstraplauncher.BootstrapLauncher.run(BootstrapLauncher.java:210) [bootstraplauncher-2.0.2.jar:?]
	at cpw.mods.bootstraplauncher@2.0.2/cpw.mods.bootstraplauncher.BootstrapLauncher.main(BootstrapLauncher.java:69) [bootstraplauncher-2.0.2.jar:?]
	at java.base/jdk.internal.reflect.DirectMethodHandleAccessor.invoke(DirectMethodHandleAccessor.java:103) ~[?:?]
	at java.base/java.lang.reflect.Method.invoke(Method.java:580) ~[?:?]
	at DevLaunch@1.0.1/net.neoforged.devlaunch.Main.main(Main.java:55) [DevLaunch-1.0.1.jar:?]
[10Oct2025 01:06:11.495] [pool-7-thread-1/INFO] [MixinExtras|Service/]: Initializing MixinExtras via com.llamalad7.mixinextras.service.MixinExtrasServiceImpl(version=0.4.1).
[10Oct2025 01:06:30.455] [main/WARN] [net.minecraft.commands.Commands/]: Ambiguity between arguments [teleport, location] and [teleport, destination] with inputs: [0.1 -0.5 .9, 0 0 0]
[10Oct2025 01:06:30.459] [main/WARN] [net.minecraft.commands.Commands/]: Ambiguity between arguments [teleport, location] and [teleport, targets] with inputs: [0.1 -0.5 .9, 0 0 0]
[10Oct2025 01:06:30.465] [main/WARN] [net.minecraft.commands.Commands/]: Ambiguity between arguments [teleport, destination] and [teleport, targets] with inputs: [Player, 0123, @e, dd12be42-52a9-4a91-a8a1-11c01849e498]
[10Oct2025 01:06:30.469] [main/WARN] [net.minecraft.commands.Commands/]: Ambiguity between arguments [teleport, targets] and [teleport, destination] with inputs: [Player, 0123, dd12be42-52a9-4a91-a8a1-11c01849e498]
[10Oct2025 01:06:30.475] [main/WARN] [net.minecraft.commands.Commands/]: Ambiguity between arguments [teleport, targets, location] and [teleport, targets, destination] with inputs: [0.1 -0.5 .9, 0 0 0]
[10Oct2025 01:06:33.653] [Datafixer Bootstrap/INFO] [com.mojang.datafixers.DataFixerBuilder/]: 229 Datafixer optimizations took 25589 milliseconds
[10Oct2025 01:06:33.984] [Render thread/WARN] [net.minecraft.server.packs.VanillaPackResourcesBuilder/]: Assets URL 'union:/C:/Users/Lenovo/MCreatorWorkspaces/robocraft/build/moddev/artifacts/neoforge-21.1.65-minecraft.jar%23183!/assets/.mcassetsroot' uses unexpected schema
[10Oct2025 01:06:33.985] [Render thread/WARN] [net.minecraft.server.packs.VanillaPackResourcesBuilder/]: Assets URL 'union:/C:/Users/Lenovo/MCreatorWorkspaces/robocraft/build/moddev/artifacts/neoforge-21.1.65-minecraft.jar%23183!/data/.mcassetsroot' uses unexpected schema
[10Oct2025 01:06:34.075] [Render thread/INFO] [com.mojang.authlib.yggdrasil.YggdrasilAuthenticationService/]: Environment: Environment[sessionHost=https://sessionserver.mojang.com, servicesHost=https://api.minecraftservices.com, name=PROD]
[10Oct2025 01:06:34.088] [Render thread/INFO] [net.minecraft.client.Minecraft/]: Setting user: Dev
[10Oct2025 01:06:34.366] [Render thread/INFO] [net.minecraft.client.Minecraft/]: Backend library: LWJGL version 3.3.3+5
[10Oct2025 01:06:35.750] [modloading-worker-0/INFO] [net.neoforged.neoforge.common.NeoForgeMod/NEOFORGE-MOD]: NeoForge mod loading, version 21.1.65, for MC 1.21.1
[10Oct2025 01:06:40.310] [Render thread/INFO] [net.neoforged.neoforge.gametest.GameTestHooks/]: Enabled Gametest Namespaces: []
[10Oct2025 01:06:41.462] [Render thread/INFO] [net.minecraft.server.packs.resources.ReloadableResourceManager/]: Reloading ResourceManager: vanilla, mod_resources, mod/geckolib, mod/neoforge, mod/mechafront
[10Oct2025 01:06:41.653] [Worker-Main-1/ERROR] [GeckoLib/]: Unable to parse animation: die
[10Oct2025 01:06:42.454] [Worker-Main-3/INFO] [net.minecraft.client.gui.font.providers.UnihexProvider/]: Found unifont_all_no_pua-15.1.05.hex, loading
[10Oct2025 01:06:43.395] [Worker-Main-3/INFO] [net.minecraft.client.gui.font.providers.UnihexProvider/]: Found unifont_jp_patch-15.1.05.hex, loading
[10Oct2025 01:06:46.245] [Worker-Main-1/WARN] [net.minecraft.client.resources.model.ModelManager/]: Missing textures in model mechafront:robo_sword#inventory:
    minecraft:textures/atlas/blocks.png:minecraft:item/waraxe
[10Oct2025 01:06:46.839] [Render thread/WARN] [net.minecraft.client.sounds.SoundEngine/]: Missing sound for event: minecraft:item.goat_horn.play
[10Oct2025 01:06:46.839] [Render thread/WARN] [net.minecraft.client.sounds.SoundEngine/]: Missing sound for event: minecraft:entity.goat.screaming.horn_break
[10Oct2025 01:06:46.946] [Render thread/INFO] [com.mojang.blaze3d.audio.Library/]: OpenAL initialized on device OpenAL Soft on Speakers (3- High Definition Audio Device)
[10Oct2025 01:06:46.947] [Render thread/INFO] [net.minecraft.client.sounds.SoundEngine/SOUNDS]: Sound engine started
[10Oct2025 01:06:47.219] [Render thread/INFO] [net.minecraft.client.renderer.texture.TextureAtlas/]: Created: 1024x512x0 minecraft:textures/atlas/blocks.png-atlas
[10Oct2025 01:06:47.314] [Render thread/INFO] [net.minecraft.client.renderer.texture.TextureAtlas/]: Created: 256x256x0 minecraft:textures/atlas/signs.png-atlas
[10Oct2025 01:06:47.315] [Render thread/INFO] [net.minecraft.client.renderer.texture.TextureAtlas/]: Created: 512x512x0 minecraft:textures/atlas/shield_patterns.png-atlas
[10Oct2025 01:06:47.319] [Render thread/INFO] [net.minecraft.client.renderer.texture.TextureAtlas/]: Created: 512x512x0 minecraft:textures/atlas/banner_patterns.png-atlas
[10Oct2025 01:06:47.322] [Render thread/INFO] [net.minecraft.client.renderer.texture.TextureAtlas/]: Created: 1024x1024x0 minecraft:textures/atlas/armor_trims.png-atlas
[10Oct2025 01:06:47.347] [Render thread/INFO] [net.minecraft.client.renderer.texture.TextureAtlas/]: Created: 128x64x0 minecraft:textures/atlas/decorated_pot.png-atlas
[10Oct2025 01:06:47.349] [Render thread/INFO] [net.minecraft.client.renderer.texture.TextureAtlas/]: Created: 256x256x0 minecraft:textures/atlas/chest.png-atlas
[10Oct2025 01:06:47.351] [Render thread/INFO] [net.minecraft.client.renderer.texture.TextureAtlas/]: Created: 512x256x0 minecraft:textures/atlas/shulker_boxes.png-atlas
[10Oct2025 01:06:47.352] [Render thread/INFO] [net.minecraft.client.renderer.texture.TextureAtlas/]: Created: 512x256x0 minecraft:textures/atlas/beds.png-atlas
[10Oct2025 01:06:47.586] [Render thread/INFO] [net.minecraft.client.renderer.texture.TextureAtlas/]: Created: 512x256x0 minecraft:textures/atlas/particles.png-atlas
[10Oct2025 01:06:47.597] [Render thread/INFO] [net.minecraft.client.renderer.texture.TextureAtlas/]: Created: 512x256x0 minecraft:textures/atlas/paintings.png-atlas
[10Oct2025 01:06:47.600] [Render thread/INFO] [net.minecraft.client.renderer.texture.TextureAtlas/]: Created: 256x128x0 minecraft:textures/atlas/mob_effects.png-atlas
[10Oct2025 01:06:47.603] [Render thread/INFO] [net.minecraft.client.renderer.texture.TextureAtlas/]: Created: 64x64x0 minecraft:textures/atlas/map_decorations.png-atlas
[10Oct2025 01:06:47.605] [Render thread/INFO] [net.minecraft.client.renderer.texture.TextureAtlas/]: Created: 1024x512x0 minecraft:textures/atlas/gui.png-atlas
[10Oct2025 01:06:47.672] [Render thread/WARN] [net.minecraft.client.renderer.ShaderInstance/]: Shader rendertype_entity_translucent_emissive could not find sampler named Sampler2 in the specified shader program.
[10Oct2025 01:06:47.809] [Render thread/INFO] [net.neoforged.neoforge.client.entity.animation.json.AnimationLoader/]: Loaded 0 entity animations
[10Oct2025 01:06:57.499] [Render thread/ERROR] [net.neoforged.neoforge.common.LenientUnboundedMapCodec/]: Failed to decode key DataResult.Success[ResourceKey[minecraft:dimension / robocraft:robots_dimension]] for value DataResult.Error['No key preset in MapLike[{biomes:[{biome:"robocraft:robotsbioms",parameters:{continentalness:[0.3f,1.0f],depth:0.0f,erosion:[-0.5f,0.5f],humidity:[-0.5f,0.5f],offset:0.0f,temperature:[-0.5f,0.5f],weirdness:[-1.0f,1.0f]}},{biome:"minecraft:plains",parameters:{continentalness:[-0.11f,0.3f],depth:0.0f,erosion:[-0.7799f,-0.375f],humidity:[-1.0f,-0.35f],offset:0.0f,temperature:[-0.45f,-0.15f],weirdness:[-1.0f,-0.9333f]}}],type:"minecraft:multi_noise"}]; Failed to get element ResourceKey[minecraft:worldgen/biome / robocraft:robotsbioms]; Failed to get element ResourceKey[minecraft:dimension_type / robocraft:robots_dimension]']: DataResult.Error['No key preset in MapLike[{biomes:[{biome:"robocraft:robotsbioms",parameters:{continentalness:[0.3f,1.0f],depth:0.0f,erosion:[-0.5f,0.5f],humidity:[-0.5f,0.5f],offset:0.0f,temperature:[-0.5f,0.5f],weirdness:[-1.0f,1.0f]}},{biome:"minecraft:plains",parameters:{continentalness:[-0.11f,0.3f],depth:0.0f,erosion:[-0.7799f,-0.375f],humidity:[-1.0f,-0.35f],offset:0.0f,temperature:[-0.45f,-0.15f],weirdness:[-1.0f,-0.9333f]}}],type:"minecraft:multi_noise"}]; Failed to get element ResourceKey[minecraft:worldgen/biome / robocraft:robotsbioms]; Failed to get element ResourceKey[minecraft:dimension_type / robocraft:robots_dimension]']
[10Oct2025 01:06:58.569] [Render thread/INFO] [net.minecraft.world.item.crafting.RecipeManager/]: Loaded 1306 recipes
[10Oct2025 01:06:59.071] [Render thread/INFO] [net.minecraft.advancements.AdvancementTree/]: Loaded 1401 advancements
[10Oct2025 01:07:00.426] [Server thread/INFO] [net.minecraft.client.server.IntegratedServer/]: Starting integrated minecraft server version 1.21.1
[10Oct2025 01:07:00.427] [Server thread/INFO] [net.minecraft.server.MinecraftServer/]: Generating keypair
[10Oct2025 01:07:00.727] [Server thread/WARN] [net.neoforged.neoforge.server.ServerLifecycleHooks/]: Detected mechafront:flying_robot that was registered with MONSTER mob category but was added under CREATURE mob category for mechafront:robotsbioms biome! Mobs should be added to biomes under the same mob category that the mob was registered as to prevent mob cap spawning issues.
[10Oct2025 01:07:00.728] [Server thread/WARN] [net.neoforged.neoforge.server.ServerLifecycleHooks/]: Detected mechafront:robot_golem that was registered with MONSTER mob category but was added under CREATURE mob category for mechafront:robotsbioms biome! Mobs should be added to biomes under the same mob category that the mob was registered as to prevent mob cap spawning issues.
[10Oct2025 01:07:00.728] [Server thread/WARN] [net.neoforged.neoforge.server.ServerLifecycleHooks/]: Detected mechafront:robot_with_wheels that was registered with MONSTER mob category but was added under CREATURE mob category for mechafront:robotsbioms biome! Mobs should be added to biomes under the same mob category that the mob was registered as to prevent mob cap spawning issues.
[10Oct2025 01:07:00.760] [Server thread/ERROR] [net.neoforged.neoforge.server.ServerLifecycleHooks/]: The following entities have not registered to the RegisterSpawnPlacementsEvent, but a spawn entry was found. This will mean that the entity doesn't have restrictions on its spawn location, please register a spawn placement for the entity, you can register with NO_RESTRICTIONS if you don't want any restrictions.
	 - mechafront:mini_robot
	 - mechafront:titan_robot
[10Oct2025 01:07:08.948] [Server thread/INFO] [net.minecraft.server.MinecraftServer/]: Preparing start region for dimension minecraft:overworld
[10Oct2025 01:07:09.702] [progressListener/INFO] [net.minecraft.server.level.progress.LoggerChunkProgressListener/]: Preparing spawn area: 0%
[10Oct2025 01:07:09.702] [progressListener/INFO] [net.minecraft.server.level.progress.LoggerChunkProgressListener/]: Preparing spawn area: 0%
[10Oct2025 01:07:09.925] [entity-deserializer/WARN] [net.minecraft.world.entity.EntityType/]: Skipping Entity with id robocraft:currupted_robo
[10Oct2025 01:07:09.927] [entity-deserializer/ERROR] [net.minecraft.world.item.ItemStack/]: Tried to load invalid item: 'Unknown registry key in ResourceKey[minecraft:root / minecraft:item]: robocraft:robot_core'
[10Oct2025 01:07:09.941] [entity-deserializer/WARN] [net.minecraft.world.entity.EntityType/]: Skipping Entity with id robocraft:currupted_robo
[10Oct2025 01:07:09.943] [entity-deserializer/ERROR] [net.minecraft.world.item.ItemStack/]: Tried to load invalid item: 'Unknown registry key in ResourceKey[minecraft:root / minecraft:item]: robocraft:robot_core'
[10Oct2025 01:07:09.989] [entity-deserializer/WARN] [net.minecraft.world.entity.EntityType/]: Skipping Entity with id robocraft:currupted_robo
[10Oct2025 01:07:09.989] [entity-deserializer/WARN] [net.minecraft.world.entity.EntityType/]: Skipping Entity with id robocraft:currupted_robo
[10Oct2025 01:07:09.989] [entity-deserializer/WARN] [net.minecraft.world.entity.EntityType/]: Skipping Entity with id robocraft:currupted_robo
[10Oct2025 01:07:09.990] [entity-deserializer/ERROR] [net.minecraft.world.item.ItemStack/]: Tried to load invalid item: 'Unknown registry key in ResourceKey[minecraft:root / minecraft:item]: robocraft:robot_core'
[10Oct2025 01:07:09.991] [entity-deserializer/ERROR] [net.minecraft.world.item.ItemStack/]: Tried to load invalid item: 'Unknown registry key in ResourceKey[minecraft:root / minecraft:item]: robocraft:robot_core'
[10Oct2025 01:07:09.991] [entity-deserializer/ERROR] [net.minecraft.world.item.ItemStack/]: Tried to load invalid item: 'Unknown registry key in ResourceKey[minecraft:root / minecraft:item]: robocraft:robot_core'
[10Oct2025 01:07:09.991] [entity-deserializer/WARN] [net.minecraft.world.entity.EntityType/]: Skipping Entity with id robocraft:currupted_robo
[10Oct2025 01:07:09.991] [entity-deserializer/ERROR] [net.minecraft.world.item.ItemStack/]: Tried to load invalid item: 'Unknown registry key in ResourceKey[minecraft:root / minecraft:item]: robocraft:robot_core'
[10Oct2025 01:07:09.997] [Server thread/INFO] [net.neoforged.neoforge.server.permission.PermissionAPI/]: Successfully initialized permission handler neoforge:default_handler
[10Oct2025 01:07:10.042] [progressListener/INFO] [net.minecraft.server.level.progress.LoggerChunkProgressListener/]: Time elapsed: 1063 ms
[10Oct2025 01:07:10.306] [Server thread/INFO] [net.minecraft.client.server.IntegratedServer/]: Changing view distance to 3, from 10
[10Oct2025 01:07:10.306] [Server thread/INFO] [net.minecraft.client.server.IntegratedServer/]: Changing simulation distance to 5, from 0
[10Oct2025 01:07:10.314] [entity-deserializer/WARN] [net.minecraft.world.entity.EntityType/]: Skipping Entity with id robocraft:combat_robo
[10Oct2025 01:07:10.314] [entity-deserializer/WARN] [net.minecraft.world.entity.EntityType/]: Skipping Entity with id robocraft:combat_robo
[10Oct2025 01:07:10.315] [entity-deserializer/WARN] [net.minecraft.world.entity.EntityType/]: Skipping Entity with id robocraft:robot_dog
[10Oct2025 01:07:10.331] [entity-deserializer/WARN] [net.minecraft.world.entity.EntityType/]: Skipping Entity with id robocraft:currupted_robo
[10Oct2025 01:07:10.332] [entity-deserializer/WARN] [net.minecraft.world.entity.EntityType/]: Skipping Entity with id robocraft:currupted_robo
[10Oct2025 01:07:10.332] [entity-deserializer/WARN] [net.minecraft.world.entity.EntityType/]: Skipping Entity with id robocraft:currupted_robo
[10Oct2025 01:07:10.332] [entity-deserializer/WARN] [net.minecraft.world.entity.EntityType/]: Skipping Entity with id robocraft:currupted_robo
[10Oct2025 01:07:10.332] [entity-deserializer/ERROR] [net.minecraft.world.item.ItemStack/]: Tried to load invalid item: 'Unknown registry key in ResourceKey[minecraft:root / minecraft:item]: robocraft:robot_core'
[10Oct2025 01:07:10.332] [entity-deserializer/ERROR] [net.minecraft.world.item.ItemStack/]: Tried to load invalid item: 'Unknown registry key in ResourceKey[minecraft:root / minecraft:item]: robocraft:robot_core'
[10Oct2025 01:07:10.333] [entity-deserializer/ERROR] [net.minecraft.world.item.ItemStack/]: Tried to load invalid item: 'Unknown registry key in ResourceKey[minecraft:root / minecraft:item]: robocraft:robot_core'
[10Oct2025 01:07:10.333] [entity-deserializer/ERROR] [net.minecraft.world.item.ItemStack/]: Tried to load invalid item: 'Unknown registry key in ResourceKey[minecraft:root / minecraft:item]: robocraft:robot_core'
[10Oct2025 01:07:10.418] [entity-deserializer/WARN] [net.minecraft.world.entity.EntityType/]: Skipping Entity with id robocraft:currupted_robo
[10Oct2025 01:07:12.356] [Server thread/WARN] [net.minecraft.stats.ServerStatsCounter/]: Invalid statistic in .\saves\New World\stats\380df991-f603-344c-a090-369bad2a924a.json: Don't know what robocraft:mini_robot_spawn_egg is
[10Oct2025 01:07:12.357] [Server thread/WARN] [net.minecraft.stats.ServerStatsCounter/]: Invalid statistic in .\saves\New World\stats\380df991-f603-344c-a090-369bad2a924a.json: Don't know what robocraft:robot_wires is
[10Oct2025 01:07:12.357] [Server thread/WARN] [net.minecraft.stats.ServerStatsCounter/]: Invalid statistic in .\saves\New World\stats\380df991-f603-344c-a090-369bad2a924a.json: Don't know what robocraft:robot_with_wheels is
[10Oct2025 01:07:12.357] [Server thread/WARN] [net.minecraft.stats.ServerStatsCounter/]: Invalid statistic in .\saves\New World\stats\380df991-f603-344c-a090-369bad2a924a.json: Don't know what robocraft:combat_robo is
[10Oct2025 01:07:12.357] [Server thread/WARN] [net.minecraft.stats.ServerStatsCounter/]: Invalid statistic in .\saves\New World\stats\380df991-f603-344c-a090-369bad2a924a.json: Don't know what robocraft:robot_wires is
[10Oct2025 01:07:12.357] [Server thread/WARN] [net.minecraft.stats.ServerStatsCounter/]: Invalid statistic in .\saves\New World\stats\380df991-f603-344c-a090-369bad2a924a.json: Don't know what robocraft:robot_core is
[10Oct2025 01:07:12.358] [Server thread/WARN] [net.minecraft.stats.ServerStatsCounter/]: Invalid statistic in .\saves\New World\stats\380df991-f603-344c-a090-369bad2a924a.json: Don't know what robocraft:robot_head is
[10Oct2025 01:07:12.358] [Server thread/WARN] [net.minecraft.stats.ServerStatsCounter/]: Invalid statistic in .\saves\New World\stats\380df991-f603-344c-a090-369bad2a924a.json: Don't know what robocraft:combat_robo_spawn_egg is
[10Oct2025 01:07:12.358] [Server thread/WARN] [net.minecraft.stats.ServerStatsCounter/]: Invalid statistic in .\saves\New World\stats\380df991-f603-344c-a090-369bad2a924a.json: Don't know what robocraft:titan_robot_spawn_egg is
[10Oct2025 01:07:12.359] [Server thread/WARN] [net.minecraft.stats.ServerStatsCounter/]: Invalid statistic in .\saves\New World\stats\380df991-f603-344c-a090-369bad2a924a.json: Don't know what robocraft:robo_sword is
[10Oct2025 01:07:12.359] [Server thread/WARN] [net.minecraft.stats.ServerStatsCounter/]: Invalid statistic in .\saves\New World\stats\380df991-f603-344c-a090-369bad2a924a.json: Don't know what robocraft:boss_activator is
[10Oct2025 01:07:12.359] [Server thread/WARN] [net.minecraft.stats.ServerStatsCounter/]: Invalid statistic in .\saves\New World\stats\380df991-f603-344c-a090-369bad2a924a.json: Don't know what robocraft:robots_dimension is
[10Oct2025 01:07:12.359] [Server thread/WARN] [net.minecraft.stats.ServerStatsCounter/]: Invalid statistic in .\saves\New World\stats\380df991-f603-344c-a090-369bad2a924a.json: Don't know what robocraft:robot_dog_spawn_egg is
[10Oct2025 01:07:12.359] [Server thread/WARN] [net.minecraft.stats.ServerStatsCounter/]: Invalid statistic in .\saves\New World\stats\380df991-f603-344c-a090-369bad2a924a.json: Don't know what robocraft:robo_dimension_block is
[10Oct2025 01:07:12.359] [Server thread/WARN] [net.minecraft.stats.ServerStatsCounter/]: Invalid statistic in .\saves\New World\stats\380df991-f603-344c-a090-369bad2a924a.json: Don't know what robocraft:currupted_robo_spawn_egg is
[10Oct2025 01:07:12.359] [Server thread/WARN] [net.minecraft.stats.ServerStatsCounter/]: Invalid statistic in .\saves\New World\stats\380df991-f603-344c-a090-369bad2a924a.json: Don't know what robocraft:flying_robot_spawn_egg is
[10Oct2025 01:07:12.370] [Server thread/WARN] [net.minecraft.stats.ServerStatsCounter/]: Invalid statistic in .\saves\New World\stats\380df991-f603-344c-a090-369bad2a924a.json: Don't know what robocraft:mini_robot_spawn_egg is
[10Oct2025 01:07:12.370] [Server thread/WARN] [net.minecraft.stats.ServerStatsCounter/]: Invalid statistic in .\saves\New World\stats\380df991-f603-344c-a090-369bad2a924a.json: Don't know what robocraft:robot_with_wheels_spawn_egg is
[10Oct2025 01:07:12.370] [Server thread/WARN] [net.minecraft.stats.ServerStatsCounter/]: Invalid statistic in .\saves\New World\stats\380df991-f603-344c-a090-369bad2a924a.json: Don't know what robocraft:enemy_titan_boss_spawn_egg is
[10Oct2025 01:07:12.370] [Server thread/WARN] [net.minecraft.stats.ServerStatsCounter/]: Invalid statistic in .\saves\New World\stats\380df991-f603-344c-a090-369bad2a924a.json: Don't know what robocraft:titan_summoner is
[10Oct2025 01:07:12.420] [Server thread/WARN] [net.minecraft.server.PlayerAdvancements/]: Ignored advancement 'robocraft:final_fight' in progress file .\saves\New World\advancements\380df991-f603-344c-a090-369bad2a924a.json - it doesn't exist anymore?
[10Oct2025 01:07:12.538] [Server thread/ERROR] [net.minecraft.world.item.ItemStack/]: Tried to load invalid item: 'Unknown registry key in ResourceKey[minecraft:root / minecraft:item]: robocraft:robo_dimension_block'
[10Oct2025 01:07:12.539] [Server thread/ERROR] [net.minecraft.world.item.ItemStack/]: Tried to load invalid item: 'Unknown registry key in ResourceKey[minecraft:root / minecraft:item]: robocraft:robots_dimension'
[10Oct2025 01:07:12.539] [Server thread/ERROR] [net.minecraft.world.item.ItemStack/]: Tried to load invalid item: 'Unknown registry key in ResourceKey[minecraft:root / minecraft:item]: robocraft:titan_robot_spawn_egg'
[10Oct2025 01:07:12.539] [Server thread/ERROR] [net.minecraft.world.item.ItemStack/]: Tried to load invalid item: 'Unknown registry key in ResourceKey[minecraft:root / minecraft:item]: robocraft:enemy_titan_boss_spawn_egg'
[10Oct2025 01:07:12.540] [Server thread/ERROR] [net.minecraft.world.item.ItemStack/]: Tried to load invalid item: 'Unknown registry key in ResourceKey[minecraft:root / minecraft:item]: robocraft:currupted_robo_spawn_egg'
[10Oct2025 01:07:12.540] [Server thread/ERROR] [net.minecraft.world.item.ItemStack/]: Tried to load invalid item: 'Unknown registry key in ResourceKey[minecraft:root / minecraft:item]: robocraft:robot_with_wheels_spawn_egg'
[10Oct2025 01:07:12.540] [Server thread/ERROR] [net.minecraft.world.item.ItemStack/]: Tried to load invalid item: 'Unknown registry key in ResourceKey[minecraft:root / minecraft:item]: robocraft:flying_robot_spawn_egg'
[10Oct2025 01:07:12.541] [Server thread/ERROR] [net.minecraft.world.item.ItemStack/]: Tried to load invalid item: 'Unknown registry key in ResourceKey[minecraft:root / minecraft:item]: robocraft:mini_robot_spawn_egg'
[10Oct2025 01:07:12.541] [Server thread/ERROR] [net.minecraft.world.item.ItemStack/]: Tried to load invalid item: 'Unknown registry key in ResourceKey[minecraft:root / minecraft:item]: robocraft:robot_head'
[10Oct2025 01:07:12.542] [Server thread/ERROR] [net.minecraft.world.item.ItemStack/]: Tried to load invalid item: 'Unknown registry key in ResourceKey[minecraft:root / minecraft:item]: robocraft:robot_wires'
[10Oct2025 01:07:12.542] [Server thread/ERROR] [net.minecraft.world.item.ItemStack/]: Tried to load invalid item: 'Unknown registry key in ResourceKey[minecraft:root / minecraft:item]: robocraft:robot_core'
[10Oct2025 01:07:12.544] [Server thread/ERROR] [net.minecraft.stats.ServerRecipeBook/]: Tried to load unrecognized recipe: robocraft:mini_robot_craft removed now.
[10Oct2025 01:07:12.545] [Server thread/ERROR] [net.minecraft.stats.ServerRecipeBook/]: Tried to load unrecognized recipe: robocraft:mini_robot_craft removed now.
[10Oct2025 01:07:12.547] [Server thread/WARN] [net.minecraft.server.players.PlayerList/]: Unknown respawn dimension ResourceKey[minecraft:dimension / robocraft:robots_dimension], defaulting to overworld
[10Oct2025 01:07:12.547] [Server thread/INFO] [net.minecraft.server.players.PlayerList/]: Dev[local:E:3903bc68] logged in with entity id 87 at (3777.629131509895, 65.0, 5179.224581569981)
[10Oct2025 01:07:12.698] [Server thread/INFO] [net.minecraft.server.MinecraftServer/]: Dev joined the game
[10Oct2025 01:07:21.388] [Server thread/WARN] [net.minecraft.server.MinecraftServer/]: Can't keep up! Is the server overloaded? Running 8989ms or 179 ticks behind
[10Oct2025 01:07:21.723] [Render thread/INFO] [net.minecraft.advancements.AdvancementTree/]: Loaded 176 advancements
[10Oct2025 01:07:22.805] [Render thread/INFO] [net.minecraft.advancements.AdvancementTree/]: Loaded 176 advancements
[10Oct2025 01:07:47.371] [Server thread/INFO] [net.minecraft.server.MinecraftServer/]: [Dev: The game is frozen]
[10Oct2025 01:07:47.383] [Render thread/INFO] [net.minecraft.client.gui.components.ChatComponent/]: [System] [CHAT] The game is frozen
[10Oct2025 01:08:03.973] [Render thread/INFO] [net.minecraft.client.gui.components.ChatComponent/]: [System] [CHAT] Saved screenshot as 2025-10-10_01.08.03.png
[10Oct2025 01:08:12.422] [Render thread/INFO] [net.minecraft.client.gui.components.ChatComponent/]: [System] [CHAT] Saved screenshot as 2025-10-10_01.08.12.png
[10Oct2025 01:08:14.059] [Server thread/INFO] [net.minecraft.client.server.IntegratedServer/]: Saving and pausing game...
[10Oct2025 01:08:14.144] [Server thread/INFO] [net.minecraft.server.MinecraftServer/]: Saving chunks for level 'ServerLevel[New World]'/minecraft:overworld
[10Oct2025 01:08:14.177] [Server thread/INFO] [net.minecraft.server.MinecraftServer/]: Saving chunks for level 'ServerLevel[New World]'/mechafront:robots_dimension
[10Oct2025 01:08:14.186] [Server thread/INFO] [net.minecraft.server.MinecraftServer/]: Saving chunks for level 'ServerLevel[New World]'/minecraft:the_nether
[10Oct2025 01:08:14.200] [Server thread/INFO] [net.minecraft.server.MinecraftServer/]: Saving chunks for level 'ServerLevel[New World]'/minecraft:the_end
[10Oct2025 01:08:16.918] [Render thread/INFO] [net.minecraft.client.Minecraft/]: Stopping!
[10Oct2025 01:08:16.955] [Server thread/INFO] [net.minecraft.server.network.ServerGamePacketListenerImpl/]: Dev lost connection: Disconnected
[10Oct2025 01:08:16.956] [Server thread/INFO] [net.minecraft.server.MinecraftServer/]: Dev left the game
[10Oct2025 01:08:16.981] [Server thread/INFO] [net.minecraft.server.network.ServerCommonPacketListenerImpl/]: Stopping singleplayer server as player logged out
[10Oct2025 01:08:17.000] [Server thread/INFO] [net.minecraft.server.MinecraftServer/]: Stopping server
[10Oct2025 01:08:17.001] [Server thread/INFO] [net.minecraft.server.MinecraftServer/]: Saving players
[10Oct2025 01:08:17.001] [Server thread/INFO] [net.minecraft.server.MinecraftServer/]: Saving worlds
[10Oct2025 01:08:19.128] [Server thread/INFO] [net.minecraft.server.MinecraftServer/]: Saving chunks for level 'ServerLevel[New World]'/minecraft:overworld
[10Oct2025 01:08:19.235] [Server thread/INFO] [net.minecraft.server.MinecraftServer/]: Saving chunks for level 'ServerLevel[New World]'/mechafront:robots_dimension
[10Oct2025 01:08:19.243] [Server thread/INFO] [net.minecraft.server.MinecraftServer/]: Saving chunks for level 'ServerLevel[New World]'/minecraft:the_nether
[10Oct2025 01:08:19.253] [Server thread/INFO] [net.minecraft.server.MinecraftServer/]: Saving chunks for level 'ServerLevel[New World]'/minecraft:the_end
[10Oct2025 01:08:19.286] [Server thread/INFO] [net.minecraft.server.MinecraftServer/]: ThreadedAnvilChunkStorage (New World): All chunks are saved
[10Oct2025 01:08:19.287] [Server thread/INFO] [net.minecraft.server.MinecraftServer/]: ThreadedAnvilChunkStorage (robots_dimension): All chunks are saved
[10Oct2025 01:08:19.287] [Server thread/INFO] [net.minecraft.server.MinecraftServer/]: ThreadedAnvilChunkStorage (DIM-1): All chunks are saved
[10Oct2025 01:08:19.287] [Server thread/INFO] [net.minecraft.server.MinecraftServer/]: ThreadedAnvilChunkStorage (DIM1): All chunks are saved
[10Oct2025 01:08:19.287] [Server thread/INFO] [net.minecraft.server.MinecraftServer/]: ThreadedAnvilChunkStorage: All dimensions are saved
